###############################################################################
#
# IAR ELF Linker V7.50.1.10123/W32 for ARM                10/Jan/2016  16:18:17
# Copyright 2007-2015 IAR Systems AB.
#
#    Output file  =  
#        J:\quadKurs\watchdog_test\watchdog_test\EWARM\watchdog_test
#        Configuration\Exe\watchdog_test Configuration.out
#    Map file     =  
#        J:\quadKurs\watchdog_test\watchdog_test\EWARM\watchdog_test
#        Configuration\List\watchdog_test Configuration.map
#    Command line =  
#        "J:\quadKurs\watchdog_test\watchdog_test\EWARM\watchdog_test
#        Configuration\Obj\cmsis_os.o"
#        "J:\quadKurs\watchdog_test\watchdog_test\EWARM\watchdog_test
#        Configuration\Obj\croutine.o"
#        "J:\quadKurs\watchdog_test\watchdog_test\EWARM\watchdog_test
#        Configuration\Obj\freertos.o"
#        "J:\quadKurs\watchdog_test\watchdog_test\EWARM\watchdog_test
#        Configuration\Obj\heap_4.o"
#        "J:\quadKurs\watchdog_test\watchdog_test\EWARM\watchdog_test
#        Configuration\Obj\list.o"
#        "J:\quadKurs\watchdog_test\watchdog_test\EWARM\watchdog_test
#        Configuration\Obj\main.o"
#        "J:\quadKurs\watchdog_test\watchdog_test\EWARM\watchdog_test
#        Configuration\Obj\os_thread_def_helper_function.o"
#        "J:\quadKurs\watchdog_test\watchdog_test\EWARM\watchdog_test
#        Configuration\Obj\port.o"
#        "J:\quadKurs\watchdog_test\watchdog_test\EWARM\watchdog_test
#        Configuration\Obj\portasm.o"
#        "J:\quadKurs\watchdog_test\watchdog_test\EWARM\watchdog_test
#        Configuration\Obj\queue.o"
#        "J:\quadKurs\watchdog_test\watchdog_test\EWARM\watchdog_test
#        Configuration\Obj\startup_stm32f303xc.o"
#        "J:\quadKurs\watchdog_test\watchdog_test\EWARM\watchdog_test
#        Configuration\Obj\stm32f3xx_hal.o"
#        "J:\quadKurs\watchdog_test\watchdog_test\EWARM\watchdog_test
#        Configuration\Obj\stm32f3xx_hal_cortex.o"
#        "J:\quadKurs\watchdog_test\watchdog_test\EWARM\watchdog_test
#        Configuration\Obj\stm32f3xx_hal_dma.o"
#        "J:\quadKurs\watchdog_test\watchdog_test\EWARM\watchdog_test
#        Configuration\Obj\stm32f3xx_hal_flash.o"
#        "J:\quadKurs\watchdog_test\watchdog_test\EWARM\watchdog_test
#        Configuration\Obj\stm32f3xx_hal_flash_ex.o"
#        "J:\quadKurs\watchdog_test\watchdog_test\EWARM\watchdog_test
#        Configuration\Obj\stm32f3xx_hal_gpio.o"
#        "J:\quadKurs\watchdog_test\watchdog_test\EWARM\watchdog_test
#        Configuration\Obj\stm32f3xx_hal_iwdg.o"
#        "J:\quadKurs\watchdog_test\watchdog_test\EWARM\watchdog_test
#        Configuration\Obj\stm32f3xx_hal_msp.o"
#        "J:\quadKurs\watchdog_test\watchdog_test\EWARM\watchdog_test
#        Configuration\Obj\stm32f3xx_hal_pwr.o"
#        "J:\quadKurs\watchdog_test\watchdog_test\EWARM\watchdog_test
#        Configuration\Obj\stm32f3xx_hal_pwr_ex.o"
#        "J:\quadKurs\watchdog_test\watchdog_test\EWARM\watchdog_test
#        Configuration\Obj\stm32f3xx_hal_rcc.o"
#        "J:\quadKurs\watchdog_test\watchdog_test\EWARM\watchdog_test
#        Configuration\Obj\stm32f3xx_hal_rcc_ex.o"
#        "J:\quadKurs\watchdog_test\watchdog_test\EWARM\watchdog_test
#        Configuration\Obj\stm32f3xx_it.o"
#        "J:\quadKurs\watchdog_test\watchdog_test\EWARM\watchdog_test
#        Configuration\Obj\system_stm32f3xx.o"
#        "J:\quadKurs\watchdog_test\watchdog_test\EWARM\watchdog_test
#        Configuration\Obj\tasks.o"
#        "J:\quadKurs\watchdog_test\watchdog_test\EWARM\watchdog_test
#        Configuration\Obj\timers.o" --redirect _Printf=_PrintfFull --redirect
#        _Scanf=_ScanfFull -o
#        "J:\quadKurs\watchdog_test\watchdog_test\EWARM\watchdog_test
#        Configuration\Exe\watchdog_test Configuration.out" --map
#        "J:\quadKurs\watchdog_test\watchdog_test\EWARM\watchdog_test
#        Configuration\List\watchdog_test Configuration.map" --config
#        J:\quadKurs\watchdog_test\watchdog_test\EWARM/stm32f303xc_flash.icf
#        --semihosting --entry __iar_program_start --vfe
#
###############################################################################

*******************************************************************************
*** RUNTIME MODEL ATTRIBUTES
***

CppFlavor       = *
__SystemLibrary = DLib


*******************************************************************************
*** PLACEMENT SUMMARY
***

"A1":  place at 0x08000000 { ro section .intvec };
"P1":  place in [from 0x08000000 to 0x0803ffff] { ro };
"P2":  place in [from 0x20000000 to 0x20009fff] { rw, block CSTACK, block HEAP };

  Section            Kind        Address    Size  Object
  -------            ----        -------    ----  ------
"A1":                                      0x188
  .intvec            ro code  0x08000000   0x188  startup_stm32f303xc.o [1]
                            - 0x08000188   0x188

"P1":                                     0x2628
  .text              ro code  0x08000188   0x760  tasks.o [1]
  CODE               ro code  0x080008e8    0x9c  portasm.o [1]
  .text              ro code  0x08000984   0x180  port.o [1]
  .text              ro code  0x08000b04    0xa4  list.o [1]
  .text              ro code  0x08000ba8   0x218  heap_4.o [1]
  .text              ro code  0x08000dc0    0x66  ABImemset.o [5]
  .rodata            const    0x08000e26     0x2  heap_4.o [1]
  .text              ro code  0x08000e28   0x6b4  stm32f3xx_hal_rcc_ex.o [1]
  .text              ro code  0x080014dc    0x78  stm32f3xx_hal.o [1]
  .text              ro code  0x08001554   0x138  stm32f3xx_hal_cortex.o [1]
  .text              ro code  0x0800168c    0x32  stm32f3xx_hal_msp.o [1]
  .text              ro code  0x080016c0   0x380  stm32f3xx_hal_rcc.o [1]
  .text              ro code  0x08001a40   0x594  main.o [1]
  .text              ro code  0x08001fd4   0x210  stm32f3xx_hal_gpio.o [1]
  .text              ro code  0x080021e4    0x56  ABImemcpy_unaligned.o [5]
  .text              ro code  0x0800223c    0x7a  cmsis_os.o [1]
  .text              ro code  0x080022b6    0x48  os_thread_def_helper_function.o [1]
  .text              ro code  0x080022fe    0xb2  stm32f3xx_hal_iwdg.o [1]
  .text              ro code  0x080023b0    0x98  system_stm32f3xx.o [1]
  .text              ro code  0x08002448    0x40  zero_init3.o [5]
  .text              ro code  0x08002488    0x2c  copy_init3.o [5]
  .text              ro code  0x080024b4    0x28  data_init.o [5]
  .text              ro code  0x080024dc    0x22  fpinit_M.o [4]
  .iar.init_table    const    0x08002500    0x24  - Linker created -
  .text              ro code  0x08002524    0x1a  cmain.o [5]
  .text              ro code  0x0800253e     0x4  low_level_init.o [3]
  .text              ro code  0x08002542     0x4  exit.o [3]
  .text              ro code  0x08002548     0xa  cexit.o [5]
  .text              ro code  0x08002554    0x14  exit.o [6]
  .rodata            const    0x08002568    0x14  main.o [1]
  .rodata            const    0x0800257c    0x14  main.o [1]
  .rodata            const    0x08002590    0x14  main.o [1]
  .rodata            const    0x080025a4    0x14  main.o [1]
  .rodata            const    0x080025b8    0x14  main.o [1]
  .rodata            const    0x080025cc    0x14  main.o [1]
  .text              ro code  0x080025e0    0x14  stm32f3xx_it.o [1]
  .rodata            const    0x080025f4    0x10  stm32f3xx_hal_rcc.o [1]
  .rodata            const    0x08002604    0x10  stm32f3xx_hal_rcc_ex.o [1]
  .rodata            const    0x08002614    0x10  stm32f3xx_hal_rcc_ex.o [1]
  .text              ro code  0x08002624    0x10  startup_stm32f303xc.o [1]
  Initializer bytes  const    0x08002634    0x10  <for P2-1>
  .rodata            const    0x08002644     0xc  main.o [1]
  .text              ro code  0x08002650     0xc  cstartup_M.o [5]
  .rodata            const    0x0800265c     0x8  main.o [1]
  .rodata            const    0x08002664     0x8  main.o [1]
  .rodata            const    0x0800266c     0x8  main.o [1]
  .rodata            const    0x08002674     0x8  main.o [1]
  .rodata            const    0x0800267c     0x8  main.o [1]
  .rodata            const    0x08002684     0x8  tasks.o [1]
  .rodata            const    0x0800268c     0x4  heap_4.o [1]
  .text              ro code  0x08002690     0x4  startup_stm32f303xc.o [1]
  .text              ro code  0x08002694     0x4  startup_stm32f303xc.o [1]
  .text              ro code  0x08002698     0x4  startup_stm32f303xc.o [1]
  .text              ro code  0x0800269c     0x4  startup_stm32f303xc.o [1]
  .text              ro code  0x080026a0     0x4  startup_stm32f303xc.o [1]
  .text              ro code  0x080026a4     0x4  startup_stm32f303xc.o [1]
  .text              ro code  0x080026a8     0x4  startup_stm32f303xc.o [1]
  .text              ro code  0x080026ac     0x4  startup_stm32f303xc.o [1]
  .text              ro code  0x080026b0     0x4  startup_stm32f303xc.o [1]
  .text              ro code  0x080026b4     0x4  startup_stm32f303xc.o [1]
  .text              ro code  0x080026b8     0x4  startup_stm32f303xc.o [1]
  .text              ro code  0x080026bc     0x4  startup_stm32f303xc.o [1]
  .text              ro code  0x080026c0     0x4  startup_stm32f303xc.o [1]
  .text              ro code  0x080026c4     0x4  startup_stm32f303xc.o [1]
  .text              ro code  0x080026c8     0x4  startup_stm32f303xc.o [1]
  .text              ro code  0x080026cc     0x4  startup_stm32f303xc.o [1]
  .text              ro code  0x080026d0     0x4  startup_stm32f303xc.o [1]
  .text              ro code  0x080026d4     0x4  startup_stm32f303xc.o [1]
  .text              ro code  0x080026d8     0x4  startup_stm32f303xc.o [1]
  .text              ro code  0x080026dc     0x4  startup_stm32f303xc.o [1]
  .text              ro code  0x080026e0     0x4  startup_stm32f303xc.o [1]
  .text              ro code  0x080026e4     0x4  startup_stm32f303xc.o [1]
  .text              ro code  0x080026e8     0x4  startup_stm32f303xc.o [1]
  .text              ro code  0x080026ec     0x4  startup_stm32f303xc.o [1]
  .text              ro code  0x080026f0     0x4  startup_stm32f303xc.o [1]
  .text              ro code  0x080026f4     0x4  startup_stm32f303xc.o [1]
  .text              ro code  0x080026f8     0x4  startup_stm32f303xc.o [1]
  .text              ro code  0x080026fc     0x4  startup_stm32f303xc.o [1]
  .text              ro code  0x08002700     0x4  startup_stm32f303xc.o [1]
  .text              ro code  0x08002704     0x4  startup_stm32f303xc.o [1]
  .text              ro code  0x08002708     0x4  startup_stm32f303xc.o [1]
  .text              ro code  0x0800270c     0x4  startup_stm32f303xc.o [1]
  .text              ro code  0x08002710     0x4  startup_stm32f303xc.o [1]
  .text              ro code  0x08002714     0x4  startup_stm32f303xc.o [1]
  .text              ro code  0x08002718     0x4  startup_stm32f303xc.o [1]
  .text              ro code  0x0800271c     0x4  startup_stm32f303xc.o [1]
  .text              ro code  0x08002720     0x4  startup_stm32f303xc.o [1]
  .text              ro code  0x08002724     0x4  startup_stm32f303xc.o [1]
  .text              ro code  0x08002728     0x4  startup_stm32f303xc.o [1]
  .text              ro code  0x0800272c     0x4  startup_stm32f303xc.o [1]
  .text              ro code  0x08002730     0x4  startup_stm32f303xc.o [1]
  .text              ro code  0x08002734     0x4  startup_stm32f303xc.o [1]
  .text              ro code  0x08002738     0x4  startup_stm32f303xc.o [1]
  .text              ro code  0x0800273c     0x4  startup_stm32f303xc.o [1]
  .text              ro code  0x08002740     0x4  startup_stm32f303xc.o [1]
  .text              ro code  0x08002744     0x4  startup_stm32f303xc.o [1]
  .text              ro code  0x08002748     0x4  startup_stm32f303xc.o [1]
  .text              ro code  0x0800274c     0x4  startup_stm32f303xc.o [1]
  .text              ro code  0x08002750     0x4  startup_stm32f303xc.o [1]
  .text              ro code  0x08002754     0x4  startup_stm32f303xc.o [1]
  .text              ro code  0x08002758     0x4  startup_stm32f303xc.o [1]
  .text              ro code  0x0800275c     0x4  startup_stm32f303xc.o [1]
  .text              ro code  0x08002760     0x4  startup_stm32f303xc.o [1]
  .text              ro code  0x08002764     0x4  startup_stm32f303xc.o [1]
  .text              ro code  0x08002768     0x4  startup_stm32f303xc.o [1]
  .text              ro code  0x0800276c     0x4  startup_stm32f303xc.o [1]
  .text              ro code  0x08002770     0x4  startup_stm32f303xc.o [1]
  .text              ro code  0x08002774     0x4  startup_stm32f303xc.o [1]
  .text              ro code  0x08002778     0x4  startup_stm32f303xc.o [1]
  .text              ro code  0x0800277c     0x4  startup_stm32f303xc.o [1]
  .text              ro code  0x08002780     0x4  startup_stm32f303xc.o [1]
  .text              ro code  0x08002784     0x4  startup_stm32f303xc.o [1]
  .text              ro code  0x08002788     0x4  startup_stm32f303xc.o [1]
  .text              ro code  0x0800278c     0x4  startup_stm32f303xc.o [1]
  .text              ro code  0x08002790     0x4  startup_stm32f303xc.o [1]
  .text              ro code  0x08002794     0x4  startup_stm32f303xc.o [1]
  .text              ro code  0x08002798     0x4  startup_stm32f303xc.o [1]
  .text              ro code  0x0800279c     0x4  startup_stm32f303xc.o [1]
  .text              ro code  0x080027a0     0x4  startup_stm32f303xc.o [1]
  .text              ro code  0x080027a4     0x4  startup_stm32f303xc.o [1]
  .text              ro code  0x080027a8     0x4  startup_stm32f303xc.o [1]
  .text              ro code  0x080027ac     0x4  startup_stm32f303xc.o [1]
  .rodata            const    0x080027b0     0x0  zero_init3.o [5]
  .rodata            const    0x080027b0     0x0  copy_init3.o [5]
                            - 0x080027b0  0x2628

"P2", part 1 of 3:                          0x10
  P2-1                        0x20000000    0x10  <Init block>
    .data            inited   0x20000000     0x4  heap_4.o [1]
    .data            inited   0x20000004     0x4  port.o [1]
    .data            inited   0x20000008     0x4  system_stm32f3xx.o [1]
    .data            inited   0x2000000c     0x4  tasks.o [1]
                            - 0x20000010    0x10

"P2", part 2 of 3:                         0x400
  CSTACK                      0x20000010   0x400  <Block>
    CSTACK           uninit   0x20000010   0x400  <Block tail>
                            - 0x20000410   0x400

"P2", part 3 of 3:                        0x2cec
  .bss               zero     0x20000410  0x1800  heap_4.o [1]
  .bss               zero     0x20001c10  0x13ec  tasks.o [1]
  .bss               zero     0x20002ffc    0x14  main.o [1]
  .bss               zero     0x20003010    0x14  tasks.o [1]
  .bss               zero     0x20003024    0x14  tasks.o [1]
  .bss               zero     0x20003038    0x14  tasks.o [1]
  .bss               zero     0x2000304c    0x14  tasks.o [1]
  .bss               zero     0x20003060    0x14  tasks.o [1]
  .bss               zero     0x20003074     0x8  heap_4.o [1]
  .bss               zero     0x2000307c     0x8  main.o [1]
  .bss               zero     0x20003084     0x8  main.o [1]
  .bss               zero     0x2000308c     0x8  main.o [1]
  .bss               zero     0x20003094     0x8  main.o [1]
  .bss               zero     0x2000309c     0x4  heap_4.o [1]
  .bss               zero     0x200030a0     0x4  heap_4.o [1]
  .bss               zero     0x200030a4     0x4  main.o [1]
  .bss               zero     0x200030a8     0x4  main.o [1]
  .bss               zero     0x200030ac     0x4  main.o [1]
  .bss               zero     0x200030b0     0x4  main.o [1]
  .bss               zero     0x200030b4     0x4  main.o [1]
  .bss               zero     0x200030b8     0x4  main.o [1]
  .bss               zero     0x200030bc     0x4  port.o [1]
  .bss               zero     0x200030c0     0x4  stm32f3xx_hal.o [1]
  .bss               zero     0x200030c4     0x4  tasks.o [1]
  .bss               zero     0x200030c8     0x4  tasks.o [1]
  .bss               zero     0x200030cc     0x4  tasks.o [1]
  .bss               zero     0x200030d0     0x4  tasks.o [1]
  .bss               zero     0x200030d4     0x4  tasks.o [1]
  .bss               zero     0x200030d8     0x4  tasks.o [1]
  .bss               zero     0x200030dc     0x4  tasks.o [1]
  .bss               zero     0x200030e0     0x4  tasks.o [1]
  .bss               zero     0x200030e4     0x4  tasks.o [1]
  .bss               zero     0x200030e8     0x4  tasks.o [1]
  .bss               zero     0x200030ec     0x4  tasks.o [1]
  .bss               zero     0x200030f0     0x4  tasks.o [1]
  .bss               zero     0x200030f4     0x4  tasks.o [1]
  .bss               zero     0x200030f8     0x1  main.o [1]
  .bss               zero     0x200030f9     0x1  port.o [1]
                            - 0x200030fa  0x2cea


*******************************************************************************
*** INIT TABLE
***

          Address     Size
          -------     ----
Zero (__iar_zero_init3)
    1 destination range, total size 0x2cea:
          0x20000410  0x2cea

Copy (__iar_copy_init3)
    1 source range, total size 0x10:
          0x08002634    0x10
    1 destination range, total size 0x10:
          0x20000000    0x10



*******************************************************************************
*** MODULE SUMMARY
***

    Module                           ro code  ro data  rw data
    ------                           -------  -------  -------
J:\quadKurs\watchdog_test\watchdog_test\EWARM\watchdog_test Configuration\Obj: [1]
    cmsis_os.o                           122
    heap_4.o                             536       10    6 164
    list.o                               164
    main.o                             1 428      172       77
    os_thread_def_helper_function.o       72
    port.o                               384        4        9
    portasm.o                            156
    startup_stm32f303xc.o                696
    stm32f3xx_hal.o                      120                 4
    stm32f3xx_hal_cortex.o               312
    stm32f3xx_hal_gpio.o                 528
    stm32f3xx_hal_iwdg.o                 178
    stm32f3xx_hal_msp.o                   50
    stm32f3xx_hal_rcc.o                  896       16
    stm32f3xx_hal_rcc_ex.o             1 716       32
    stm32f3xx_it.o                        20
    system_stm32f3xx.o                   152        4        4
    tasks.o                            1 888       12    5 256
    ----------------------------------------------------------
    Total:                             9 418      250   11 514

command line: [2]
    ----------------------------------------------------------
    Total:

dl7M_tlf.a: [3]
    exit.o                                 4
    low_level_init.o                       4
    ----------------------------------------------------------
    Total:                                 8

m7M_tls.a: [4]
    fpinit_M.o                            34
    ----------------------------------------------------------
    Total:                                34

rt7M_tl.a: [5]
    ABImemcpy_unaligned.o                 86
    ABImemset.o                          102
    cexit.o                               10
    cmain.o                               26
    copy_init3.o                          44
    cstartup_M.o                          12
    data_init.o                           40
    zero_init3.o                          64
    ----------------------------------------------------------
    Total:                               384

shb_l.a: [6]
    exit.o                                20
    ----------------------------------------------------------
    Total:                                20

    Gaps                                   8        2
    Linker created                                 36    1 024
--------------------------------------------------------------
    Grand Total:                       9 872      288   12 538


*******************************************************************************
*** ENTRY LIST
***

Entry                      Address    Size  Type      Object
-----                      -------    ----  ----      ------
.iar.init_table$$Base   0x08002500           --   Gb  - Linker created -
.iar.init_table$$Limit  0x08002524           --   Gb  - Linker created -
?main                   0x08002525          Code  Gb  cmain.o [5]
APBAHBPrescTable        0x080025f4    0x10  Data  Gb  stm32f3xx_hal_rcc.o [1]
CSTACK$$Base            0x20000010           --   Gb  - Linker created -
CSTACK$$Limit           0x20000410           --   Gb  - Linker created -
HAL_Delay               0x08001535    0x18  Code  Wk  stm32f3xx_hal.o [1]
HAL_GPIO_Init           0x08001fd5   0x1be  Code  Gb  stm32f3xx_hal_gpio.o [1]
HAL_GPIO_ReadPin        0x08002193    0x18  Code  Gb  stm32f3xx_hal_gpio.o [1]
HAL_GPIO_WritePin       0x080021ab     0xe  Code  Gb  stm32f3xx_hal_gpio.o [1]
HAL_GetTick             0x0800152f     0x6  Code  Wk  stm32f3xx_hal.o [1]
HAL_IWDG_Init           0x080022ff    0xb2  Code  Gb  stm32f3xx_hal_iwdg.o [1]
HAL_IWDG_MspInit        0x080016b5     0xa  Code  Gb  stm32f3xx_hal_msp.o [1]
HAL_IncTick             0x08001523     0xc  Code  Wk  stm32f3xx_hal.o [1]
HAL_Init                0x080014dd    0x22  Code  Gb  stm32f3xx_hal.o [1]
HAL_InitTick            0x080014ff    0x24  Code  Wk  stm32f3xx_hal.o [1]
HAL_MspInit             0x0800168d    0x22  Code  Gb  stm32f3xx_hal_msp.o [1]
HAL_NVIC_SetPriority    0x0800161d    0x26  Code  Gb  stm32f3xx_hal_cortex.o [1]
HAL_NVIC_SetPriorityGrouping
                        0x08001611     0xc  Code  Gb  stm32f3xx_hal_cortex.o [1]
HAL_RCC_ClockConfig     0x080016c1   0x340  Code  Gb  stm32f3xx_hal_rcc.o [1]
HAL_RCC_GetHCLKFreq     0x08001a01    0x28  Code  Gb  stm32f3xx_hal_rcc.o [1]
HAL_RCC_GetSysClockFreq
                        0x08001429    0x76  Code  Gb  stm32f3xx_hal_rcc_ex.o [1]
HAL_RCC_OscConfig       0x08000e29   0x600  Code  Gb  stm32f3xx_hal_rcc_ex.o [1]
HAL_SYSTICK_CLKSourceConfig
                        0x0800164f    0x20  Code  Gb  stm32f3xx_hal_cortex.o [1]
HAL_SYSTICK_Config      0x08001643     0xc  Code  Gb  stm32f3xx_hal_cortex.o [1]
MX_GPIO_Init            0x08001d6b    0xe2  Code  Lc  main.o [1]
MX_IWDG_Init            0x08001d45    0x26  Code  Lc  main.o [1]
NVIC_EncodePriority     0x080015a3    0x3e  Code  Lc  stm32f3xx_hal_cortex.o [1]
NVIC_GetPriorityGrouping
                        0x08001573     0xa  Code  Lc  stm32f3xx_hal_cortex.o [1]
NVIC_SetPriority        0x0800157d    0x26  Code  Lc  stm32f3xx_hal_cortex.o [1]
NVIC_SetPriorityGrouping
                        0x08001555    0x1e  Code  Lc  stm32f3xx_hal_cortex.o [1]
PLLMULFactorTable       0x08002604    0x10  Data  Gb  stm32f3xx_hal_rcc_ex.o [1]
PendSV_Handler          0x080008e9          Code  Gb  portasm.o [1]
PredivFactorTable       0x08002614    0x10  Data  Gb  stm32f3xx_hal_rcc_ex.o [1]
Region$$Table$$Base     0x08002500           --   Gb  - Linker created -
Region$$Table$$Limit    0x08002524           --   Gb  - Linker created -
SVC_Handler             0x08000945          Code  Gb  portasm.o [1]
StartButtonTask         0x08001e4d    0x34  Code  Gb  main.o [1]
SysTick_Config          0x080015e1    0x30  Code  Lc  stm32f3xx_hal_cortex.o [1]
SysTick_Handler         0x080025e1    0x14  Code  Gb  stm32f3xx_it.o [1]
SystemClock_Config      0x08001cd9    0x6c  Code  Gb  main.o [1]
SystemCoreClock         0x20000008     0x4  Data  Gb  system_stm32f3xx.o [1]
SystemInit              0x080023b1    0x70  Code  Gb  system_stm32f3xx.o [1]
WorkerThread            0x08001e81    0x52  Code  Gb  main.o [1]
__aeabi_memset          0x08000dc1          Code  Gb  ABImemset.o [5]
__cmain                 0x08002525          Code  Gb  cmain.o [5]
__exit                  0x08002555    0x14  Code  Gb  exit.o [6]
__iar_Memset            0x08000dc1          Code  Gb  ABImemset.o [5]
__iar_Memset_word       0x08000dc9          Code  Gb  ABImemset.o [5]
__iar_copy_init3        0x08002489    0x2c  Code  Gb  copy_init3.o [5]
__iar_data_init3        0x080024b5    0x28  Code  Gb  data_init.o [5]
__iar_init_vfp          0x080024dd          Code  Gb  fpinit_M.o [4]
__iar_program_start     0x08002651          Code  Gb  cstartup_M.o [5]
__iar_unaligned___aeabi_memcpy4
                        0x080021e5          Code  Gb  ABImemcpy_unaligned.o [5]
__iar_unaligned___aeabi_memcpy8
                        0x080021e5          Code  Gb  ABImemcpy_unaligned.o [5]
__iar_zero_init3        0x08002449    0x40  Code  Gb  zero_init3.o [5]
__low_level_init        0x0800253f     0x4  Code  Gb  low_level_init.o [3]
__vector_table          0x08000000          Data  Gb  startup_stm32f303xc.o [1]
_call_main              0x08002531          Code  Gb  cmain.o [5]
_exit                   0x08002549          Code  Gb  cexit.o [5]
_main                   0x0800253b          Code  Gb  cmain.o [5]
buttonTaskHandle        0x200030a4     0x4  Data  Gb  main.o [1]
copy_osThreadDef_UD_t   0x080022cd    0x32  Code  Gb  os_thread_def_helper_function.o [1]
exit                    0x08002543     0x4  Code  Gb  exit.o [3]
gCheckback              0x200030f8     0x1  Data  Gb  main.o [1]
heapSTRUCT_SIZE         0x08000e26     0x2  Data  Lc  heap_4.o [1]
hiwdg                   0x20002ffc    0x14  Data  Gb  main.o [1]
loadHandle              0x200030b8     0x4  Data  Gb  main.o [1]
loadHandleThread        0x08001ed3    0x9e  Code  Gb  main.o [1]
main                    0x08001a41   0x298  Code  Gb  main.o [1]
makeFreeRtosPriority    0x0800223d    0x12  Code  Lc  cmsis_os.o [1]
osDelay                 0x0800229b    0x1c  Code  Gb  cmsis_os.o [1]
osKernelStart           0x0800224f    0x1a  Code  Gb  cmsis_os.o [1]
osThreadCreate          0x08002269    0x32  Code  Gb  cmsis_os.o [1]
prvAddCurrentTaskToDelayedList
                        0x080007c5    0x3e  Code  Lc  tasks.o [1]
prvAllocateTCBAndStack  0x0800081d    0x54  Code  Lc  tasks.o [1]
prvCheckTasksWaitingTermination
                        0x0800076d    0x58  Code  Lc  tasks.o [1]
prvDeleteTCB            0x08000871    0x12  Code  Lc  tasks.o [1]
prvHeapInit             0x08000ccd    0x74  Code  Lc  heap_4.o [1]
prvIdleTask             0x080006b1    0x18  Code  Lc  tasks.o [1]
prvInitialiseTCBVariables
                        0x080006c9    0x5e  Code  Lc  tasks.o [1]
prvInitialiseTaskLists  0x08000727    0x46  Code  Lc  tasks.o [1]
prvInsertBlockIntoFreeList
                        0x08000d41    0x62  Code  Lc  heap_4.o [1]
prvTaskExitError        0x080009a9    0x18  Code  Lc  port.o [1]
pvPortMalloc            0x08000ba9    0xc0  Code  Gb  heap_4.o [1]
pxCurrentTCB            0x200030c4     0x4  Data  Gb  tasks.o [1]
pxDelayedTaskList       0x200030c8     0x4  Data  Lc  tasks.o [1]
pxEnd                   0x2000309c     0x4  Data  Lc  heap_4.o [1]
pxOverflowDelayedTaskList
                        0x200030cc     0x4  Data  Lc  tasks.o [1]
pxPortInitialiseStack   0x08000985    0x24  Code  Gb  port.o [1]
pxReadyTasksLists       0x20001c10  0x13ec  Data  Lc  tasks.o [1]
string_copy             0x080022b7    0x16  Code  Gb  os_thread_def_helper_function.o [1]
ucHeap                  0x20000410  0x1800  Data  Lc  heap_4.o [1]
ucMaxSysCallPriority    0x200030f9     0x1  Data  Lc  port.o [1]
ulMaxPRIGROUPValue      0x200030bc     0x4  Data  Lc  port.o [1]
ulPortSetInterruptMask  0x08000931          Code  Gb  portasm.o [1]
uwTick                  0x200030c0     0x4  Data  Lc  stm32f3xx_hal.o [1]
uxCriticalNesting       0x20000004     0x4  Data  Lc  port.o [1]
uxCurrentNumberOfTasks  0x200030d4     0x4  Data  Lc  tasks.o [1]
uxListRemove            0x08000b7f    0x2a  Code  Gb  list.o [1]
uxPendedTicks           0x200030e8     0x4  Data  Lc  tasks.o [1]
uxSchedulerSuspended    0x200030e4     0x4  Data  Lc  tasks.o [1]
uxTaskNumber            0x200030f4     0x4  Data  Lc  tasks.o [1]
uxTasksDeleted          0x200030d0     0x4  Data  Lc  tasks.o [1]
uxTopReadyPriority      0x200030dc     0x4  Data  Lc  tasks.o [1]
vListInitialise         0x08000b05    0x1e  Code  Gb  list.o [1]
vListInitialiseItem     0x08000b23     0x6  Code  Gb  list.o [1]
vListInsert             0x08000b43    0x3c  Code  Gb  list.o [1]
vListInsertEnd          0x08000b29    0x1a  Code  Gb  list.o [1]
vPortClearInterruptMask
                        0x0800093f          Code  Gb  portasm.o [1]
vPortEnableVFP          0x0800096b          Code  Gb  portasm.o [1]
vPortEnterCritical      0x08000a6b    0x1a  Code  Gb  port.o [1]
vPortExitCritical       0x08000a85    0x1c  Code  Gb  port.o [1]
vPortFree               0x08000c69    0x64  Code  Gb  heap_4.o [1]
vPortSetupTimerInterrupt
                        0x08000abf    0x1a  Code  Wk  port.o [1]
vPortStartFirstTask     0x0800095d          Code  Gb  portasm.o [1]
vPortYield              0x08000a59    0x12  Code  Gb  port.o [1]
vTaskDelay              0x08000351    0x3a  Code  Gb  tasks.o [1]
vTaskDelete             0x080002e3    0x6e  Code  Gb  tasks.o [1]
vTaskStartScheduler     0x0800038b    0x4e  Code  Gb  tasks.o [1]
vTaskSuspendAll         0x080003d9    0x10  Code  Gb  tasks.o [1]
vTaskSwitchContext      0x0800062f    0x80  Code  Gb  tasks.o [1]
worker1TaskHandle       0x200030a8     0x4  Data  Gb  main.o [1]
worker2TaskHandle       0x200030ac     0x4  Data  Gb  main.o [1]
worker3TaskHandle       0x200030b0     0x4  Data  Gb  main.o [1]
worker4TaskHandle       0x200030b4     0x4  Data  Gb  main.o [1]
xBlockAllocatedBit      0x200030a0     0x4  Data  Lc  heap_4.o [1]
xDelayedTaskList1       0x20003010    0x14  Data  Lc  tasks.o [1]
xDelayedTaskList2       0x20003024    0x14  Data  Lc  tasks.o [1]
xFreeBytesRemaining     0x20000000     0x4  Data  Lc  heap_4.o [1]
xNextTaskUnblockTime    0x2000000c     0x4  Data  Lc  tasks.o [1]
xNumOfOverflows         0x200030f0     0x4  Data  Lc  tasks.o [1]
xPendingReadyList       0x20003038    0x14  Data  Lc  tasks.o [1]
xPortStartScheduler     0x080009c1    0x98  Code  Gb  port.o [1]
xPortSysTickHandler     0x08000aa1    0x1e  Code  Gb  port.o [1]
xSchedulerRunning       0x200030e0     0x4  Data  Lc  tasks.o [1]
xStart                  0x20003074     0x8  Data  Lc  heap_4.o [1]
xSuspendedTaskList      0x20003060    0x14  Data  Lc  tasks.o [1]
xTaskGenericCreate      0x08000189   0x15a  Code  Gb  tasks.o [1]
xTaskGetSchedulerState  0x08000883    0x22  Code  Gb  tasks.o [1]
xTaskIncrementTick      0x080004d1   0x15e  Code  Gb  tasks.o [1]
xTaskResumeAll          0x080003e9    0xe8  Code  Gb  tasks.o [1]
xTasksWaitingTermination
                        0x2000304c    0x14  Data  Lc  tasks.o [1]
xTickCount              0x200030d8     0x4  Data  Lc  tasks.o [1]
xTotalHeapSize          0x0800268c     0x4  Data  Lc  heap_4.o [1]
xYieldPending           0x200030ec     0x4  Data  Lc  tasks.o [1]


[1] = J:\quadKurs\watchdog_test\watchdog_test\EWARM\watchdog_test Configuration\Obj
[2] = command line
[3] = dl7M_tlf.a
[4] = m7M_tls.a
[5] = rt7M_tl.a
[6] = shb_l.a

   9 872 bytes of readonly  code memory
     288 bytes of readonly  data memory
  12 538 bytes of readwrite data memory

Errors: none
Warnings: none
